Archive member included because of file (symbol)

../../BSP/Debug\libBSP.a(keypad.o)
                              ./lab7.o (keypad_init)
../../BSP/Debug\libBSP.a(lcd.o)
                              ./lab7.o (lcd_init)
../../BSP/Debug\libBSP.a(system.o)
                              ./lab7.o (sys_init)
../../BSP/Debug\libBSP.a(timers.o)
                              ../../BSP/Debug\libBSP.a(keypad.o) (timer3_start)
../../BSP/Debug\libBSP.a(uart.o)
                              ../../BSP/Debug\libBSP.a(system.o) (uart0_init)
../../BSP/Debug\libBSP.a(font8x16.o)
                              ../../BSP/Debug\libBSP.a(lcd.o) (font)
c:/software/electronica/arm/eclipsearm/sourcery-g++-lite-arm-2011.03/bin/../lib/gcc/arm-none-eabi/4.5.2\libgcc.a(_udivsi3.o)
                              ../../BSP/Debug\libBSP.a(timers.o) (__aeabi_uidiv)
c:/software/electronica/arm/eclipsearm/sourcery-g++-lite-arm-2011.03/bin/../lib/gcc/arm-none-eabi/4.5.2\libgcc.a(_dvmd_tls.o)
                              c:/software/electronica/arm/eclipsearm/sourcery-g++-lite-arm-2011.03/bin/../lib/gcc/arm-none-eabi/4.5.2\libgcc.a(_udivsi3.o) (__aeabi_idiv0)
c:/software/electronica/arm/eclipsearm/sourcery-g++-lite-arm-2011.03/bin/../lib/gcc/arm-none-eabi/4.5.2\libgcc.a(_aeabi_uldivmod.o)
                              ../../BSP/Debug\libBSP.a(timers.o) (__aeabi_uldivmod)
c:/software/electronica/arm/eclipsearm/sourcery-g++-lite-arm-2011.03/bin/../lib/gcc/arm-none-eabi/4.5.2\libgcc.a(bpabi.o)
                              c:/software/electronica/arm/eclipsearm/sourcery-g++-lite-arm-2011.03/bin/../lib/gcc/arm-none-eabi/4.5.2\libgcc.a(_aeabi_uldivmod.o) (__gnu_uldivmod_helper)
c:/software/electronica/arm/eclipsearm/sourcery-g++-lite-arm-2011.03/bin/../lib/gcc/arm-none-eabi/4.5.2\libgcc.a(_divdi3.o)
                              c:/software/electronica/arm/eclipsearm/sourcery-g++-lite-arm-2011.03/bin/../lib/gcc/arm-none-eabi/4.5.2\libgcc.a(bpabi.o) (__divdi3)
c:/software/electronica/arm/eclipsearm/sourcery-g++-lite-arm-2011.03/bin/../lib/gcc/arm-none-eabi/4.5.2\libgcc.a(_udivdi3.o)
                              c:/software/electronica/arm/eclipsearm/sourcery-g++-lite-arm-2011.03/bin/../lib/gcc/arm-none-eabi/4.5.2\libgcc.a(bpabi.o) (__udivdi3)
c:/software/electronica/arm/eclipsearm/sourcery-g++-lite-arm-2011.03/bin/../lib/gcc/arm-none-eabi/4.5.2\libgcc.a(_clzsi2.o)
                              c:/software/electronica/arm/eclipsearm/sourcery-g++-lite-arm-2011.03/bin/../lib/gcc/arm-none-eabi/4.5.2\libgcc.a(_divdi3.o) (__clzsi2)

Memory Configuration

Name             Origin             Length             Attributes
*default*        0x00000000         0xffffffff

Linker script and memory map

LOAD ./lab7.o
LOAD ../../BSP/Debug\libBSP.a
START GROUP
LOAD c:/software/electronica/arm/eclipsearm/sourcery-g++-lite-arm-2011.03/bin/../lib/gcc/arm-none-eabi/4.5.2\libgcc.a
LOAD c:/software/electronica/arm/eclipsearm/sourcery-g++-lite-arm-2011.03/bin/../lib/gcc/arm-none-eabi/4.5.2/../../../../arm-none-eabi/lib\libc.a
END GROUP
                0x0c100000                . = 0xc100000

.text           0x0c100000     0x3a30
 *(.text)
 .text          0x0c100000      0x1b0 ./lab7.o
                0x0c100000                main
 .text          0x0c1001b0      0x670 ../../BSP/Debug\libBSP.a(keypad.o)
                0x0c1001b0                keypad_init
                0x0c1001c8                keypad_scan
                0x0c1003ec                keypad_status
                0x0c100414                keypad_wait_keydown
                0x0c100498                keypad_wait_keyup
                0x0c10053c                keypad_wait_any_keydown
                0x0c100578                keypad_wait_any_keyup
                0x0c1005d4                keypad_getchar
                0x0c100634                keypad_getchartime
                0x0c1006dc                keypad_timeout_getchar
                0x0c100784                keypad_open
                0x0c1007dc                keypad_close
 .text          0x0c100820      0xec4 ../../BSP/Debug\libBSP.a(lcd.o)
                0x0c100820                lcd_init
                0x0c1009a4                lcd_on
                0x0c1009d0                lcd_off
                0x0c1009fc                lcd_status
                0x0c100a38                lcd_clear
                0x0c100a94                lcd_putpixel
                0x0c100b80                lcd_getpixel
                0x0c100c44                lcd_draw_hline
                0x0c100cec                lcd_draw_vline
                0x0c100d94                lcd_draw_box
                0x0c100e40                lcd_putchar
                0x0c100f94                lcd_puts
                0x0c101008                lcd_putint
                0x0c10110c                lcd_puthex
                0x0c1011dc                lcd_putchar_x2
                0x0c101340                lcd_puts_x2
                0x0c1013b4                lcd_putint_x2
                0x0c1014b8                lcd_puthex_x2
                0x0c101588                lcd_putWallpaper
 .text          0x0c1016e4      0x8e0 ../../BSP/Debug\libBSP.a(system.o)
                0x0c1016e4                sys_init
                0x0c1019f0                isr_SWI_dummy
                0x0c101a1c                isr_UNDEF_dummy
                0x0c101a48                isr_IRQ_dummy
                0x0c101a74                isr_FIQ_dummy
                0x0c101aa0                isr_PABORT_dummy
                0x0c101acc                isr_DABORT_dummy
                0x0c101af8                isr_ADC_dummy
                0x0c101b24                isr_RTC_dummy
                0x0c101b50                isr_UTXD1_dummy
                0x0c101b7c                isr_UTXD0_dummy
                0x0c101ba8                isr_SIO_dummy
                0x0c101bd4                isr_IIC_dummy
                0x0c101c00                isr_URXD1_dummy
                0x0c101c2c                isr_URXD0_dummy
                0x0c101c58                isr_TIMER5_dummy
                0x0c101c84                isr_TIMER4_dummy
                0x0c101cb0                isr_TIMER3_dummy
                0x0c101cdc                isr_TIMER2_dummy
                0x0c101d08                isr_TIMER1_dummy
                0x0c101d34                isr_TIMER0_dummy
                0x0c101d60                isr_UERR01_dummy
                0x0c101d8c                isr_WDT_dummy
                0x0c101db8                isr_BDMA1_dummy
                0x0c101de4                isr_BDMA0_dummy
                0x0c101e10                isr_ZDMA1_dummy
                0x0c101e3c                isr_ZDMA0_dummy
                0x0c101e68                isr_TICK_dummy
                0x0c101e94                isr_PB_dummy
                0x0c101ec0                isr_ETHERNET_dummy
                0x0c101eec                isr_TS_dummy
                0x0c101f18                isr_KEYPAD_dummy
                0x0c101f44                isr_USB_dummy
                0x0c101f94                sleep
 .text          0x0c101fc4      0xa5c ../../BSP/Debug\libBSP.a(timers.o)
                0x0c101fc4                timers_init
                0x0c1021a0                wait_for_1s
                0x0c102264                wait_for_1ms
                0x0c10231c                timer3_delay_ms
                0x0c102360                sw_delay_ms
                0x0c1023b8                timer3_delay_s
                0x0c1023fc                sw_delay_s
                0x0c102454                timer3_start
                0x0c102504                timer3_stop
                0x0c102558                timer3_start_timeout
                0x0c102610                timer3_timeout
                0x0c10264c                timer0_open_tick
                0x0c10287c                timer0_open_ms
                0x0c102980                timer0_close
 .text          0x0c102a20      0x518 ../../BSP/Debug\libBSP.a(uart.o)
                0x0c102a20                uart0_init
                0x0c102a84                uart0_putchar
                0x0c102ad4                uart0_getchar
                0x0c102b1c                uart0_puts
                0x0c102b6c                uart0_putint
                0x0c102c2c                uart0_puthex
                0x0c102ce4                uart0_gets
                0x0c102d50                uart0_getint
                0x0c102e3c                uart0_gethex
 .text          0x0c102f38        0x0 ../../BSP/Debug\libBSP.a(font8x16.o)
 .text          0x0c102f38      0x114 c:/software/electronica/arm/eclipsearm/sourcery-g++-lite-arm-2011.03/bin/../lib/gcc/arm-none-eabi/4.5.2\libgcc.a(_udivsi3.o)
                0x0c102f38                __aeabi_uidiv
                0x0c102f38                __udivsi3
                0x0c10302c                __aeabi_uidivmod
 .text          0x0c10304c        0x4 c:/software/electronica/arm/eclipsearm/sourcery-g++-lite-arm-2011.03/bin/../lib/gcc/arm-none-eabi/4.5.2\libgcc.a(_dvmd_tls.o)
                0x0c10304c                __aeabi_idiv0
                0x0c10304c                __aeabi_ldiv0
 .text          0x0c103050       0x3c c:/software/electronica/arm/eclipsearm/sourcery-g++-lite-arm-2011.03/bin/../lib/gcc/arm-none-eabi/4.5.2\libgcc.a(_aeabi_uldivmod.o)
                0x0c103050                __aeabi_uldivmod
 .text          0x0c10308c       0x80 c:/software/electronica/arm/eclipsearm/sourcery-g++-lite-arm-2011.03/bin/../lib/gcc/arm-none-eabi/4.5.2\libgcc.a(bpabi.o)
                0x0c10308c                __gnu_ldivmod_helper
                0x0c1030cc                __gnu_uldivmod_helper
 .text          0x0c10310c      0x4a8 c:/software/electronica/arm/eclipsearm/sourcery-g++-lite-arm-2011.03/bin/../lib/gcc/arm-none-eabi/4.5.2\libgcc.a(_divdi3.o)
                0x0c10310c                __divdi3
 .text          0x0c1035b4      0x434 c:/software/electronica/arm/eclipsearm/sourcery-g++-lite-arm-2011.03/bin/../lib/gcc/arm-none-eabi/4.5.2\libgcc.a(_udivdi3.o)
                0x0c1035b4                __udivdi3
 .text          0x0c1039e8       0x48 c:/software/electronica/arm/eclipsearm/sourcery-g++-lite-arm-2011.03/bin/../lib/gcc/arm-none-eabi/4.5.2\libgcc.a(_clzsi2.o)
                0x0c1039e8                __clzsi2

.glue_7         0x0c103a30        0x0
 .glue_7        0x00000000        0x0 linker stubs

.glue_7t        0x0c103a30        0x0
 .glue_7t       0x00000000        0x0 linker stubs

.vfp11_veneer   0x0c103a30        0x0
 .vfp11_veneer  0x00000000        0x0 linker stubs

.v4_bx          0x0c103a30        0x0
 .v4_bx         0x00000000        0x0 linker stubs

.rodata         0x0c103a30     0x1574
 *(.rodata)
 .rodata        0x0c103a30       0x94 ./lab7.o
 .rodata        0x0c103ac4      0x4e0 ../../BSP/Debug\libBSP.a(system.o)
 .rodata        0x0c103fa4     0x1000 ../../BSP/Debug\libBSP.a(font8x16.o)
                0x0c103fa4                font

.ARM.extab      0x0c104fa4        0x0
 .ARM.extab     0x0c104fa4        0x0 c:/software/electronica/arm/eclipsearm/sourcery-g++-lite-arm-2011.03/bin/../lib/gcc/arm-none-eabi/4.5.2\libgcc.a(_divdi3.o)
 .ARM.extab     0x0c104fa4        0x0 c:/software/electronica/arm/eclipsearm/sourcery-g++-lite-arm-2011.03/bin/../lib/gcc/arm-none-eabi/4.5.2\libgcc.a(_udivdi3.o)

.ARM.exidx      0x0c104fa4        0x8
 .ARM.exidx     0x0c104fa4        0x8 c:/software/electronica/arm/eclipsearm/sourcery-g++-lite-arm-2011.03/bin/../lib/gcc/arm-none-eabi/4.5.2\libgcc.a(_divdi3.o)
 .ARM.exidx     0x0c104fac        0x0 c:/software/electronica/arm/eclipsearm/sourcery-g++-lite-arm-2011.03/bin/../lib/gcc/arm-none-eabi/4.5.2\libgcc.a(_udivdi3.o)
                                  0x8 (size before relaxing)

.data           0x0c104fac        0x0
 *(.data)
 .data          0x0c104fac        0x0 ./lab7.o
 .data          0x0c104fac        0x0 ../../BSP/Debug\libBSP.a(keypad.o)
 .data          0x0c104fac        0x0 ../../BSP/Debug\libBSP.a(lcd.o)
 .data          0x0c104fac        0x0 ../../BSP/Debug\libBSP.a(system.o)
 .data          0x0c104fac        0x0 ../../BSP/Debug\libBSP.a(timers.o)
 .data          0x0c104fac        0x0 ../../BSP/Debug\libBSP.a(uart.o)
 .data          0x0c104fac        0x0 ../../BSP/Debug\libBSP.a(font8x16.o)
 .data          0x0c104fac        0x0 c:/software/electronica/arm/eclipsearm/sourcery-g++-lite-arm-2011.03/bin/../lib/gcc/arm-none-eabi/4.5.2\libgcc.a(_udivsi3.o)
 .data          0x0c104fac        0x0 c:/software/electronica/arm/eclipsearm/sourcery-g++-lite-arm-2011.03/bin/../lib/gcc/arm-none-eabi/4.5.2\libgcc.a(_dvmd_tls.o)
 .data          0x0c104fac        0x0 c:/software/electronica/arm/eclipsearm/sourcery-g++-lite-arm-2011.03/bin/../lib/gcc/arm-none-eabi/4.5.2\libgcc.a(_aeabi_uldivmod.o)
 .data          0x0c104fac        0x0 c:/software/electronica/arm/eclipsearm/sourcery-g++-lite-arm-2011.03/bin/../lib/gcc/arm-none-eabi/4.5.2\libgcc.a(bpabi.o)
 .data          0x0c104fac        0x0 c:/software/electronica/arm/eclipsearm/sourcery-g++-lite-arm-2011.03/bin/../lib/gcc/arm-none-eabi/4.5.2\libgcc.a(_divdi3.o)
 .data          0x0c104fac        0x0 c:/software/electronica/arm/eclipsearm/sourcery-g++-lite-arm-2011.03/bin/../lib/gcc/arm-none-eabi/4.5.2\libgcc.a(_udivdi3.o)
 .data          0x0c104fac        0x0 c:/software/electronica/arm/eclipsearm/sourcery-g++-lite-arm-2011.03/bin/../lib/gcc/arm-none-eabi/4.5.2\libgcc.a(_clzsi2.o)

.bss            0x0c104fac     0x960c
 *(.bss)
 .bss           0x0c104fac        0x0 ./lab7.o
 .bss           0x0c104fac        0x0 ../../BSP/Debug\libBSP.a(keypad.o)
 .bss           0x0c104fac     0x9604 ../../BSP/Debug\libBSP.a(lcd.o)
 .bss           0x0c10e5b0        0x0 ../../BSP/Debug\libBSP.a(system.o)
 .bss           0x0c10e5b0        0x8 ../../BSP/Debug\libBSP.a(timers.o)
 .bss           0x0c10e5b8        0x0 ../../BSP/Debug\libBSP.a(uart.o)
 .bss           0x0c10e5b8        0x0 ../../BSP/Debug\libBSP.a(font8x16.o)
 .bss           0x0c10e5b8        0x0 c:/software/electronica/arm/eclipsearm/sourcery-g++-lite-arm-2011.03/bin/../lib/gcc/arm-none-eabi/4.5.2\libgcc.a(_udivsi3.o)
 .bss           0x0c10e5b8        0x0 c:/software/electronica/arm/eclipsearm/sourcery-g++-lite-arm-2011.03/bin/../lib/gcc/arm-none-eabi/4.5.2\libgcc.a(_dvmd_tls.o)
 .bss           0x0c10e5b8        0x0 c:/software/electronica/arm/eclipsearm/sourcery-g++-lite-arm-2011.03/bin/../lib/gcc/arm-none-eabi/4.5.2\libgcc.a(_aeabi_uldivmod.o)
 .bss           0x0c10e5b8        0x0 c:/software/electronica/arm/eclipsearm/sourcery-g++-lite-arm-2011.03/bin/../lib/gcc/arm-none-eabi/4.5.2\libgcc.a(bpabi.o)
 .bss           0x0c10e5b8        0x0 c:/software/electronica/arm/eclipsearm/sourcery-g++-lite-arm-2011.03/bin/../lib/gcc/arm-none-eabi/4.5.2\libgcc.a(_divdi3.o)
 .bss           0x0c10e5b8        0x0 c:/software/electronica/arm/eclipsearm/sourcery-g++-lite-arm-2011.03/bin/../lib/gcc/arm-none-eabi/4.5.2\libgcc.a(_udivdi3.o)
 .bss           0x0c10e5b8        0x0 c:/software/electronica/arm/eclipsearm/sourcery-g++-lite-arm-2011.03/bin/../lib/gcc/arm-none-eabi/4.5.2\libgcc.a(_clzsi2.o)
                0x0c10e5b8                end = .
OUTPUT(lab7.elf elf32-littlearm)

.debug_abbrev   0x00000000      0x514
 .debug_abbrev  0x00000000       0x4e ./lab7.o
 .debug_abbrev  0x0000004e       0xca ../../BSP/Debug\libBSP.a(keypad.o)
 .debug_abbrev  0x00000118      0x15e ../../BSP/Debug\libBSP.a(lcd.o)
 .debug_abbrev  0x00000276       0x89 ../../BSP/Debug\libBSP.a(system.o)
 .debug_abbrev  0x000002ff       0xdd ../../BSP/Debug\libBSP.a(timers.o)
 .debug_abbrev  0x000003dc       0xd5 ../../BSP/Debug\libBSP.a(uart.o)
 .debug_abbrev  0x000004b1       0x63 ../../BSP/Debug\libBSP.a(font8x16.o)

.debug_info     0x00000000     0x1457
 .debug_info    0x00000000       0x82 ./lab7.o
 .debug_info    0x00000082      0x25f ../../BSP/Debug\libBSP.a(keypad.o)
 .debug_info    0x000002e1      0x7d0 ../../BSP/Debug\libBSP.a(lcd.o)
 .debug_info    0x00000ab1      0x38d ../../BSP/Debug\libBSP.a(system.o)
 .debug_info    0x00000e3e      0x2c7 ../../BSP/Debug\libBSP.a(timers.o)
 .debug_info    0x00001105      0x2bd ../../BSP/Debug\libBSP.a(uart.o)
 .debug_info    0x000013c2       0x95 ../../BSP/Debug\libBSP.a(font8x16.o)

.debug_line     0x00000000      0x936
 .debug_line    0x00000000      0x11e ./lab7.o
 .debug_line    0x0000011e      0x164 ../../BSP/Debug\libBSP.a(keypad.o)
 .debug_line    0x00000282      0x1f1 ../../BSP/Debug\libBSP.a(lcd.o)
 .debug_line    0x00000473      0x1d0 ../../BSP/Debug\libBSP.a(system.o)
 .debug_line    0x00000643      0x18d ../../BSP/Debug\libBSP.a(timers.o)
 .debug_line    0x000007d0      0x110 ../../BSP/Debug\libBSP.a(uart.o)
 .debug_line    0x000008e0       0x56 ../../BSP/Debug\libBSP.a(font8x16.o)

.debug_macinfo  0x00000000    0x1e463
 .debug_macinfo
                0x00000000     0x4cb6 ./lab7.o
 .debug_macinfo
                0x00004cb6     0x4e31 ../../BSP/Debug\libBSP.a(keypad.o)
 .debug_macinfo
                0x00009ae7     0x439b ../../BSP/Debug\libBSP.a(lcd.o)
 .debug_macinfo
                0x0000de82     0x530a ../../BSP/Debug\libBSP.a(system.o)
 .debug_macinfo
                0x0001318c     0x4c91 ../../BSP/Debug\libBSP.a(timers.o)
 .debug_macinfo
                0x00017e1d     0x430d ../../BSP/Debug\libBSP.a(uart.o)
 .debug_macinfo
                0x0001c12a     0x2339 ../../BSP/Debug\libBSP.a(font8x16.o)

.debug_loc      0x00000000      0xffc
 .debug_loc     0x00000000       0x2c ./lab7.o
 .debug_loc     0x0000002c      0x210 ../../BSP/Debug\libBSP.a(keypad.o)
 .debug_loc     0x0000023c      0x344 ../../BSP/Debug\libBSP.a(lcd.o)
 .debug_loc     0x00000580      0x65c ../../BSP/Debug\libBSP.a(system.o)
 .debug_loc     0x00000bdc      0x294 ../../BSP/Debug\libBSP.a(timers.o)
 .debug_loc     0x00000e70      0x18c ../../BSP/Debug\libBSP.a(uart.o)

.debug_pubnames
                0x00000000      0x6da
 .debug_pubnames
                0x00000000       0x1b ./lab7.o
 .debug_pubnames
                0x0000001b      0x10e ../../BSP/Debug\libBSP.a(keypad.o)
 .debug_pubnames
                0x00000129      0x143 ../../BSP/Debug\libBSP.a(lcd.o)
 .debug_pubnames
                0x0000026c      0x29d ../../BSP/Debug\libBSP.a(system.o)
 .debug_pubnames
                0x00000509      0x10f ../../BSP/Debug\libBSP.a(timers.o)
 .debug_pubnames
                0x00000618       0xa7 ../../BSP/Debug\libBSP.a(uart.o)
 .debug_pubnames
                0x000006bf       0x1b ../../BSP/Debug\libBSP.a(font8x16.o)

.debug_pubtypes
                0x00000000      0x13b
 .debug_pubtypes
                0x00000000       0x1c ./lab7.o
 .debug_pubtypes
                0x0000001c       0x32 ../../BSP/Debug\libBSP.a(keypad.o)
 .debug_pubtypes
                0x0000004e       0x3c ../../BSP/Debug\libBSP.a(lcd.o)
 .debug_pubtypes
                0x0000008a       0x27 ../../BSP/Debug\libBSP.a(system.o)
 .debug_pubtypes
                0x000000b1       0x3d ../../BSP/Debug\libBSP.a(timers.o)
 .debug_pubtypes
                0x000000ee       0x31 ../../BSP/Debug\libBSP.a(uart.o)
 .debug_pubtypes
                0x0000011f       0x1c ../../BSP/Debug\libBSP.a(font8x16.o)

.debug_aranges  0x00000000       0xc0
 .debug_aranges
                0x00000000       0x20 ./lab7.o
 .debug_aranges
                0x00000020       0x20 ../../BSP/Debug\libBSP.a(keypad.o)
 .debug_aranges
                0x00000040       0x20 ../../BSP/Debug\libBSP.a(lcd.o)
 .debug_aranges
                0x00000060       0x20 ../../BSP/Debug\libBSP.a(system.o)
 .debug_aranges
                0x00000080       0x20 ../../BSP/Debug\libBSP.a(timers.o)
 .debug_aranges
                0x000000a0       0x20 ../../BSP/Debug\libBSP.a(uart.o)

.debug_str      0x00000000      0x6c3
 .debug_str     0x00000000       0x8b ./lab7.o
                                 0xa4 (size before relaxing)
 .debug_str     0x0000008b      0x10c ../../BSP/Debug\libBSP.a(keypad.o)
                                0x187 (size before relaxing)
 .debug_str     0x00000197      0x160 ../../BSP/Debug\libBSP.a(lcd.o)
                                0x218 (size before relaxing)
 .debug_str     0x000002f7      0x23d ../../BSP/Debug\libBSP.a(system.o)
                                0x2d8 (size before relaxing)
 .debug_str     0x00000534       0xfe ../../BSP/Debug\libBSP.a(timers.o)
                                0x1a0 (size before relaxing)
 .debug_str     0x00000632       0x7f ../../BSP/Debug\libBSP.a(uart.o)
                                0x125 (size before relaxing)
 .debug_str     0x000006b1       0x12 ../../BSP/Debug\libBSP.a(font8x16.o)
                                 0xab (size before relaxing)

.comment        0x00000000       0x2a
 .comment       0x00000000       0x2a ./lab7.o
                                 0x2b (size before relaxing)
 .comment       0x00000000       0x2b ../../BSP/Debug\libBSP.a(keypad.o)
 .comment       0x00000000       0x2b ../../BSP/Debug\libBSP.a(lcd.o)
 .comment       0x00000000       0x2b ../../BSP/Debug\libBSP.a(system.o)
 .comment       0x00000000       0x2b ../../BSP/Debug\libBSP.a(timers.o)
 .comment       0x00000000       0x2b ../../BSP/Debug\libBSP.a(uart.o)
 .comment       0x00000000       0x2b ../../BSP/Debug\libBSP.a(font8x16.o)

.ARM.attributes
                0x00000000       0x32
 .ARM.attributes
                0x00000000       0x32 ./lab7.o
 .ARM.attributes
                0x00000032       0x32 ../../BSP/Debug\libBSP.a(keypad.o)
 .ARM.attributes
                0x00000064       0x32 ../../BSP/Debug\libBSP.a(lcd.o)
 .ARM.attributes
                0x00000096       0x32 ../../BSP/Debug\libBSP.a(system.o)
 .ARM.attributes
                0x000000c8       0x32 ../../BSP/Debug\libBSP.a(timers.o)
 .ARM.attributes
                0x000000fa       0x32 ../../BSP/Debug\libBSP.a(uart.o)
 .ARM.attributes
                0x0000012c       0x32 ../../BSP/Debug\libBSP.a(font8x16.o)
 .ARM.attributes
                0x0000015e       0x1a c:/software/electronica/arm/eclipsearm/sourcery-g++-lite-arm-2011.03/bin/../lib/gcc/arm-none-eabi/4.5.2\libgcc.a(_udivsi3.o)
 .ARM.attributes
                0x00000178       0x18 c:/software/electronica/arm/eclipsearm/sourcery-g++-lite-arm-2011.03/bin/../lib/gcc/arm-none-eabi/4.5.2\libgcc.a(_dvmd_tls.o)
 .ARM.attributes
                0x00000190       0x1a c:/software/electronica/arm/eclipsearm/sourcery-g++-lite-arm-2011.03/bin/../lib/gcc/arm-none-eabi/4.5.2\libgcc.a(_aeabi_uldivmod.o)
 .ARM.attributes
                0x000001aa       0x34 c:/software/electronica/arm/eclipsearm/sourcery-g++-lite-arm-2011.03/bin/../lib/gcc/arm-none-eabi/4.5.2\libgcc.a(bpabi.o)
 .ARM.attributes
                0x000001de       0x34 c:/software/electronica/arm/eclipsearm/sourcery-g++-lite-arm-2011.03/bin/../lib/gcc/arm-none-eabi/4.5.2\libgcc.a(_divdi3.o)
 .ARM.attributes
                0x00000212       0x34 c:/software/electronica/arm/eclipsearm/sourcery-g++-lite-arm-2011.03/bin/../lib/gcc/arm-none-eabi/4.5.2\libgcc.a(_udivdi3.o)
 .ARM.attributes
                0x00000246       0x1a c:/software/electronica/arm/eclipsearm/sourcery-g++-lite-arm-2011.03/bin/../lib/gcc/arm-none-eabi/4.5.2\libgcc.a(_clzsi2.o)

.debug_frame    0x00000000      0xe70
 .debug_frame   0x00000000       0x30 ./lab7.o
 .debug_frame   0x00000030      0x190 ../../BSP/Debug\libBSP.a(keypad.o)
 .debug_frame   0x000001c0      0x270 ../../BSP/Debug\libBSP.a(lcd.o)
 .debug_frame   0x00000430      0x630 ../../BSP/Debug\libBSP.a(system.o)
 .debug_frame   0x00000a60      0x1f8 ../../BSP/Debug\libBSP.a(timers.o)
 .debug_frame   0x00000c58      0x130 ../../BSP/Debug\libBSP.a(uart.o)
 .debug_frame   0x00000d88       0x20 c:/software/electronica/arm/eclipsearm/sourcery-g++-lite-arm-2011.03/bin/../lib/gcc/arm-none-eabi/4.5.2\libgcc.a(_udivsi3.o)
 .debug_frame   0x00000da8       0x50 c:/software/electronica/arm/eclipsearm/sourcery-g++-lite-arm-2011.03/bin/../lib/gcc/arm-none-eabi/4.5.2\libgcc.a(bpabi.o)
 .debug_frame   0x00000df8       0x3c c:/software/electronica/arm/eclipsearm/sourcery-g++-lite-arm-2011.03/bin/../lib/gcc/arm-none-eabi/4.5.2\libgcc.a(_divdi3.o)
 .debug_frame   0x00000e34       0x3c c:/software/electronica/arm/eclipsearm/sourcery-g++-lite-arm-2011.03/bin/../lib/gcc/arm-none-eabi/4.5.2\libgcc.a(_udivdi3.o)
