Archive member included because of file (symbol)

../../BSP/Debug\libBSP.a(keypad.o)
                              ./lab6.o (keypad_init)
../../BSP/Debug\libBSP.a(pbs.o)
                              ./lab6.o (pbs_init)
../../BSP/Debug\libBSP.a(system.o)
                              ./lab6.o (sys_init)
../../BSP/Debug\libBSP.a(timers.o)
                              ../../BSP/Debug\libBSP.a(pbs.o) (timers_init)
../../BSP/Debug\libBSP.a(uart.o)
                              ./lab6.o (uart0_init)
c:/software/electronica/arm/eclipsearm/sourcery-g++-lite-arm-2011.03/bin/../lib/gcc/arm-none-eabi/4.5.2\libgcc.a(_udivsi3.o)
                              ../../BSP/Debug\libBSP.a(timers.o) (__aeabi_uidiv)
c:/software/electronica/arm/eclipsearm/sourcery-g++-lite-arm-2011.03/bin/../lib/gcc/arm-none-eabi/4.5.2\libgcc.a(_dvmd_tls.o)
                              c:/software/electronica/arm/eclipsearm/sourcery-g++-lite-arm-2011.03/bin/../lib/gcc/arm-none-eabi/4.5.2\libgcc.a(_udivsi3.o) (__aeabi_idiv0)
c:/software/electronica/arm/eclipsearm/sourcery-g++-lite-arm-2011.03/bin/../lib/gcc/arm-none-eabi/4.5.2\libgcc.a(_aeabi_uldivmod.o)
                              ../../BSP/Debug\libBSP.a(timers.o) (__aeabi_uldivmod)
c:/software/electronica/arm/eclipsearm/sourcery-g++-lite-arm-2011.03/bin/../lib/gcc/arm-none-eabi/4.5.2\libgcc.a(bpabi.o)
                              c:/software/electronica/arm/eclipsearm/sourcery-g++-lite-arm-2011.03/bin/../lib/gcc/arm-none-eabi/4.5.2\libgcc.a(_aeabi_uldivmod.o) (__gnu_uldivmod_helper)
c:/software/electronica/arm/eclipsearm/sourcery-g++-lite-arm-2011.03/bin/../lib/gcc/arm-none-eabi/4.5.2\libgcc.a(_divdi3.o)
                              c:/software/electronica/arm/eclipsearm/sourcery-g++-lite-arm-2011.03/bin/../lib/gcc/arm-none-eabi/4.5.2\libgcc.a(bpabi.o) (__divdi3)
c:/software/electronica/arm/eclipsearm/sourcery-g++-lite-arm-2011.03/bin/../lib/gcc/arm-none-eabi/4.5.2\libgcc.a(_udivdi3.o)
                              c:/software/electronica/arm/eclipsearm/sourcery-g++-lite-arm-2011.03/bin/../lib/gcc/arm-none-eabi/4.5.2\libgcc.a(bpabi.o) (__udivdi3)
c:/software/electronica/arm/eclipsearm/sourcery-g++-lite-arm-2011.03/bin/../lib/gcc/arm-none-eabi/4.5.2\libgcc.a(_clzsi2.o)
                              c:/software/electronica/arm/eclipsearm/sourcery-g++-lite-arm-2011.03/bin/../lib/gcc/arm-none-eabi/4.5.2\libgcc.a(_divdi3.o) (__clzsi2)

Memory Configuration

Name             Origin             Length             Attributes
*default*        0x00000000         0xffffffff

Linker script and memory map

LOAD ./lab6.o
LOAD ../../BSP/Debug\libBSP.a
START GROUP
LOAD c:/software/electronica/arm/eclipsearm/sourcery-g++-lite-arm-2011.03/bin/../lib/gcc/arm-none-eabi/4.5.2\libgcc.a
LOAD c:/software/electronica/arm/eclipsearm/sourcery-g++-lite-arm-2011.03/bin/../lib/gcc/arm-none-eabi/4.5.2/../../../../arm-none-eabi/lib\libc.a
END GROUP
                0x0c100000                . = 0xc100000

.text           0x0c100000     0x31b8
 *(.text)
 .text          0x0c100000      0x2a4 ./lab6.o
                0x0c100000                main
                0x0c1000e4                isr_keypad
                0x0c1001a0                isr_pb
 .text          0x0c1002a4      0x670 ../../BSP/Debug\libBSP.a(keypad.o)
                0x0c1002a4                keypad_init
                0x0c1002bc                keypad_scan
                0x0c1004e0                keypad_status
                0x0c100508                keypad_wait_keydown
                0x0c10058c                keypad_wait_keyup
                0x0c100630                keypad_wait_any_keydown
                0x0c10066c                keypad_wait_any_keyup
                0x0c1006c8                keypad_getchar
                0x0c100728                keypad_getchartime
                0x0c1007d0                keypad_timeout_getchar
                0x0c100878                keypad_open
                0x0c1008d0                keypad_close
 .text          0x0c100914      0x558 ../../BSP/Debug\libBSP.a(pbs.o)
                0x0c100914                pbs_init
                0x0c100930                pb_scan
                0x0c10098c                pb_status
                0x0c100a1c                pb_wait_keydown
                0x0c100a68                pb_wait_keyup
                0x0c100ad8                pb_wait_any_keydown
                0x0c100b20                pb_wait_any_keyup
                0x0c100ba4                pb_getchar
                0x0c100c40                pb_getchartime
                0x0c100d10                pb_timeout_getchar
                0x0c100dc0                pbs_open
                0x0c100e28                pbs_close
 .text          0x0c100e6c      0x8e0 ../../BSP/Debug\libBSP.a(system.o)
                0x0c100e6c                sys_init
                0x0c101178                isr_SWI_dummy
                0x0c1011a4                isr_UNDEF_dummy
                0x0c1011d0                isr_IRQ_dummy
                0x0c1011fc                isr_FIQ_dummy
                0x0c101228                isr_PABORT_dummy
                0x0c101254                isr_DABORT_dummy
                0x0c101280                isr_ADC_dummy
                0x0c1012ac                isr_RTC_dummy
                0x0c1012d8                isr_UTXD1_dummy
                0x0c101304                isr_UTXD0_dummy
                0x0c101330                isr_SIO_dummy
                0x0c10135c                isr_IIC_dummy
                0x0c101388                isr_URXD1_dummy
                0x0c1013b4                isr_URXD0_dummy
                0x0c1013e0                isr_TIMER5_dummy
                0x0c10140c                isr_TIMER4_dummy
                0x0c101438                isr_TIMER3_dummy
                0x0c101464                isr_TIMER2_dummy
                0x0c101490                isr_TIMER1_dummy
                0x0c1014bc                isr_TIMER0_dummy
                0x0c1014e8                isr_UERR01_dummy
                0x0c101514                isr_WDT_dummy
                0x0c101540                isr_BDMA1_dummy
                0x0c10156c                isr_BDMA0_dummy
                0x0c101598                isr_ZDMA1_dummy
                0x0c1015c4                isr_ZDMA0_dummy
                0x0c1015f0                isr_TICK_dummy
                0x0c10161c                isr_PB_dummy
                0x0c101648                isr_ETHERNET_dummy
                0x0c101674                isr_TS_dummy
                0x0c1016a0                isr_KEYPAD_dummy
                0x0c1016cc                isr_USB_dummy
                0x0c10171c                sleep
 .text          0x0c10174c      0xa5c ../../BSP/Debug\libBSP.a(timers.o)
                0x0c10174c                timers_init
                0x0c101928                wait_for_1s
                0x0c1019ec                wait_for_1ms
                0x0c101aa4                timer3_delay_ms
                0x0c101ae8                sw_delay_ms
                0x0c101b40                timer3_delay_s
                0x0c101b84                sw_delay_s
                0x0c101bdc                timer3_start
                0x0c101c8c                timer3_stop
                0x0c101ce0                timer3_start_timeout
                0x0c101d98                timer3_timeout
                0x0c101dd4                timer0_open_tick
                0x0c102004                timer0_open_ms
                0x0c102108                timer0_close
 .text          0x0c1021a8      0x518 ../../BSP/Debug\libBSP.a(uart.o)
                0x0c1021a8                uart0_init
                0x0c10220c                uart0_putchar
                0x0c10225c                uart0_getchar
                0x0c1022a4                uart0_puts
                0x0c1022f4                uart0_putint
                0x0c1023b4                uart0_puthex
                0x0c10246c                uart0_gets
                0x0c1024d8                uart0_getint
                0x0c1025c4                uart0_gethex
 .text          0x0c1026c0      0x114 c:/software/electronica/arm/eclipsearm/sourcery-g++-lite-arm-2011.03/bin/../lib/gcc/arm-none-eabi/4.5.2\libgcc.a(_udivsi3.o)
                0x0c1026c0                __aeabi_uidiv
                0x0c1026c0                __udivsi3
                0x0c1027b4                __aeabi_uidivmod
 .text          0x0c1027d4        0x4 c:/software/electronica/arm/eclipsearm/sourcery-g++-lite-arm-2011.03/bin/../lib/gcc/arm-none-eabi/4.5.2\libgcc.a(_dvmd_tls.o)
                0x0c1027d4                __aeabi_idiv0
                0x0c1027d4                __aeabi_ldiv0
 .text          0x0c1027d8       0x3c c:/software/electronica/arm/eclipsearm/sourcery-g++-lite-arm-2011.03/bin/../lib/gcc/arm-none-eabi/4.5.2\libgcc.a(_aeabi_uldivmod.o)
                0x0c1027d8                __aeabi_uldivmod
 .text          0x0c102814       0x80 c:/software/electronica/arm/eclipsearm/sourcery-g++-lite-arm-2011.03/bin/../lib/gcc/arm-none-eabi/4.5.2\libgcc.a(bpabi.o)
                0x0c102814                __gnu_ldivmod_helper
                0x0c102854                __gnu_uldivmod_helper
 .text          0x0c102894      0x4a8 c:/software/electronica/arm/eclipsearm/sourcery-g++-lite-arm-2011.03/bin/../lib/gcc/arm-none-eabi/4.5.2\libgcc.a(_divdi3.o)
                0x0c102894                __divdi3
 .text          0x0c102d3c      0x434 c:/software/electronica/arm/eclipsearm/sourcery-g++-lite-arm-2011.03/bin/../lib/gcc/arm-none-eabi/4.5.2\libgcc.a(_udivdi3.o)
                0x0c102d3c                __udivdi3
 .text          0x0c103170       0x48 c:/software/electronica/arm/eclipsearm/sourcery-g++-lite-arm-2011.03/bin/../lib/gcc/arm-none-eabi/4.5.2\libgcc.a(_clzsi2.o)
                0x0c103170                __clzsi2

.glue_7         0x0c1031b8        0x0
 .glue_7        0x00000000        0x0 linker stubs

.glue_7t        0x0c1031b8        0x0
 .glue_7t       0x00000000        0x0 linker stubs

.vfp11_veneer   0x0c1031b8        0x0
 .vfp11_veneer  0x00000000        0x0 linker stubs

.v4_bx          0x0c1031b8        0x0
 .v4_bx         0x00000000        0x0 linker stubs

.rodata         0x0c1031b8      0x668
 *(.rodata)
 .rodata        0x0c1031b8      0x188 ./lab6.o
 .rodata        0x0c103340      0x4e0 ../../BSP/Debug\libBSP.a(system.o)

.ARM.extab      0x0c103820        0x0
 .ARM.extab     0x0c103820        0x0 c:/software/electronica/arm/eclipsearm/sourcery-g++-lite-arm-2011.03/bin/../lib/gcc/arm-none-eabi/4.5.2\libgcc.a(_divdi3.o)
 .ARM.extab     0x0c103820        0x0 c:/software/electronica/arm/eclipsearm/sourcery-g++-lite-arm-2011.03/bin/../lib/gcc/arm-none-eabi/4.5.2\libgcc.a(_udivdi3.o)

.ARM.exidx      0x0c103820        0x8
 .ARM.exidx     0x0c103820        0x8 c:/software/electronica/arm/eclipsearm/sourcery-g++-lite-arm-2011.03/bin/../lib/gcc/arm-none-eabi/4.5.2\libgcc.a(_divdi3.o)
 .ARM.exidx     0x0c103828        0x0 c:/software/electronica/arm/eclipsearm/sourcery-g++-lite-arm-2011.03/bin/../lib/gcc/arm-none-eabi/4.5.2\libgcc.a(_udivdi3.o)
                                  0x8 (size before relaxing)

.data           0x0c103828        0x0
 *(.data)
 .data          0x0c103828        0x0 ./lab6.o
 .data          0x0c103828        0x0 ../../BSP/Debug\libBSP.a(keypad.o)
 .data          0x0c103828        0x0 ../../BSP/Debug\libBSP.a(pbs.o)
 .data          0x0c103828        0x0 ../../BSP/Debug\libBSP.a(system.o)
 .data          0x0c103828        0x0 ../../BSP/Debug\libBSP.a(timers.o)
 .data          0x0c103828        0x0 ../../BSP/Debug\libBSP.a(uart.o)
 .data          0x0c103828        0x0 c:/software/electronica/arm/eclipsearm/sourcery-g++-lite-arm-2011.03/bin/../lib/gcc/arm-none-eabi/4.5.2\libgcc.a(_udivsi3.o)
 .data          0x0c103828        0x0 c:/software/electronica/arm/eclipsearm/sourcery-g++-lite-arm-2011.03/bin/../lib/gcc/arm-none-eabi/4.5.2\libgcc.a(_dvmd_tls.o)
 .data          0x0c103828        0x0 c:/software/electronica/arm/eclipsearm/sourcery-g++-lite-arm-2011.03/bin/../lib/gcc/arm-none-eabi/4.5.2\libgcc.a(_aeabi_uldivmod.o)
 .data          0x0c103828        0x0 c:/software/electronica/arm/eclipsearm/sourcery-g++-lite-arm-2011.03/bin/../lib/gcc/arm-none-eabi/4.5.2\libgcc.a(bpabi.o)
 .data          0x0c103828        0x0 c:/software/electronica/arm/eclipsearm/sourcery-g++-lite-arm-2011.03/bin/../lib/gcc/arm-none-eabi/4.5.2\libgcc.a(_divdi3.o)
 .data          0x0c103828        0x0 c:/software/electronica/arm/eclipsearm/sourcery-g++-lite-arm-2011.03/bin/../lib/gcc/arm-none-eabi/4.5.2\libgcc.a(_udivdi3.o)
 .data          0x0c103828        0x0 c:/software/electronica/arm/eclipsearm/sourcery-g++-lite-arm-2011.03/bin/../lib/gcc/arm-none-eabi/4.5.2\libgcc.a(_clzsi2.o)

.bss            0x0c103828        0x8
 *(.bss)
 .bss           0x0c103828        0x0 ./lab6.o
 .bss           0x0c103828        0x0 ../../BSP/Debug\libBSP.a(keypad.o)
 .bss           0x0c103828        0x0 ../../BSP/Debug\libBSP.a(pbs.o)
 .bss           0x0c103828        0x0 ../../BSP/Debug\libBSP.a(system.o)
 .bss           0x0c103828        0x8 ../../BSP/Debug\libBSP.a(timers.o)
 .bss           0x0c103830        0x0 ../../BSP/Debug\libBSP.a(uart.o)
 .bss           0x0c103830        0x0 c:/software/electronica/arm/eclipsearm/sourcery-g++-lite-arm-2011.03/bin/../lib/gcc/arm-none-eabi/4.5.2\libgcc.a(_udivsi3.o)
 .bss           0x0c103830        0x0 c:/software/electronica/arm/eclipsearm/sourcery-g++-lite-arm-2011.03/bin/../lib/gcc/arm-none-eabi/4.5.2\libgcc.a(_dvmd_tls.o)
 .bss           0x0c103830        0x0 c:/software/electronica/arm/eclipsearm/sourcery-g++-lite-arm-2011.03/bin/../lib/gcc/arm-none-eabi/4.5.2\libgcc.a(_aeabi_uldivmod.o)
 .bss           0x0c103830        0x0 c:/software/electronica/arm/eclipsearm/sourcery-g++-lite-arm-2011.03/bin/../lib/gcc/arm-none-eabi/4.5.2\libgcc.a(bpabi.o)
 .bss           0x0c103830        0x0 c:/software/electronica/arm/eclipsearm/sourcery-g++-lite-arm-2011.03/bin/../lib/gcc/arm-none-eabi/4.5.2\libgcc.a(_divdi3.o)
 .bss           0x0c103830        0x0 c:/software/electronica/arm/eclipsearm/sourcery-g++-lite-arm-2011.03/bin/../lib/gcc/arm-none-eabi/4.5.2\libgcc.a(_udivdi3.o)
 .bss           0x0c103830        0x0 c:/software/electronica/arm/eclipsearm/sourcery-g++-lite-arm-2011.03/bin/../lib/gcc/arm-none-eabi/4.5.2\libgcc.a(_clzsi2.o)
                0x0c103830                end = .
OUTPUT(lab6.elf elf32-littlearm)

.debug_abbrev   0x00000000      0x47c
 .debug_abbrev  0x00000000       0x89 ./lab6.o
 .debug_abbrev  0x00000089       0xca ../../BSP/Debug\libBSP.a(keypad.o)
 .debug_abbrev  0x00000153       0xee ../../BSP/Debug\libBSP.a(pbs.o)
 .debug_abbrev  0x00000241       0x89 ../../BSP/Debug\libBSP.a(system.o)
 .debug_abbrev  0x000002ca       0xdd ../../BSP/Debug\libBSP.a(timers.o)
 .debug_abbrev  0x000003a7       0xd5 ../../BSP/Debug\libBSP.a(uart.o)

.debug_info     0x00000000      0xec0
 .debug_info    0x00000000      0x100 ./lab6.o
 .debug_info    0x00000100      0x25f ../../BSP/Debug\libBSP.a(keypad.o)
 .debug_info    0x0000035f      0x250 ../../BSP/Debug\libBSP.a(pbs.o)
 .debug_info    0x000005af      0x38d ../../BSP/Debug\libBSP.a(system.o)
 .debug_info    0x0000093c      0x2c7 ../../BSP/Debug\libBSP.a(timers.o)
 .debug_info    0x00000c03      0x2bd ../../BSP/Debug\libBSP.a(uart.o)

.debug_line     0x00000000      0x811
 .debug_line    0x00000000       0xe5 ./lab6.o
 .debug_line    0x000000e5      0x164 ../../BSP/Debug\libBSP.a(keypad.o)
 .debug_line    0x00000249      0x158 ../../BSP/Debug\libBSP.a(pbs.o)
 .debug_line    0x000003a1      0x1d0 ../../BSP/Debug\libBSP.a(system.o)
 .debug_line    0x00000571      0x18d ../../BSP/Debug\libBSP.a(timers.o)
 .debug_line    0x000006fe      0x113 ../../BSP/Debug\libBSP.a(uart.o)

.debug_macinfo  0x00000000    0x1d308
 .debug_macinfo
                0x00000000     0x5524 ./lab6.o
 .debug_macinfo
                0x00005524     0x4e31 ../../BSP/Debug\libBSP.a(keypad.o)
 .debug_macinfo
                0x0000a355     0x4d0b ../../BSP/Debug\libBSP.a(pbs.o)
 .debug_macinfo
                0x0000f060     0x530a ../../BSP/Debug\libBSP.a(system.o)
 .debug_macinfo
                0x0001436a     0x4c91 ../../BSP/Debug\libBSP.a(timers.o)
 .debug_macinfo
                0x00018ffb     0x430d ../../BSP/Debug\libBSP.a(uart.o)

.debug_loc      0x00000000      0xf20
 .debug_loc     0x00000000       0x84 ./lab6.o
 .debug_loc     0x00000084      0x210 ../../BSP/Debug\libBSP.a(keypad.o)
 .debug_loc     0x00000294      0x210 ../../BSP/Debug\libBSP.a(pbs.o)
 .debug_loc     0x000004a4      0x65c ../../BSP/Debug\libBSP.a(system.o)
 .debug_loc     0x00000b00      0x294 ../../BSP/Debug\libBSP.a(timers.o)
 .debug_loc     0x00000d94      0x18c ../../BSP/Debug\libBSP.a(uart.o)

.debug_pubnames
                0x00000000      0x677
 .debug_pubnames
                0x00000000       0x35 ./lab6.o
 .debug_pubnames
                0x00000035      0x10e ../../BSP/Debug\libBSP.a(keypad.o)
 .debug_pubnames
                0x00000143       0xe1 ../../BSP/Debug\libBSP.a(pbs.o)
 .debug_pubnames
                0x00000224      0x29d ../../BSP/Debug\libBSP.a(system.o)
 .debug_pubnames
                0x000004c1      0x10f ../../BSP/Debug\libBSP.a(timers.o)
 .debug_pubnames
                0x000005d0       0xa7 ../../BSP/Debug\libBSP.a(uart.o)

.debug_pubtypes
                0x00000000      0x12b
 .debug_pubtypes
                0x00000000       0x32 ./lab6.o
 .debug_pubtypes
                0x00000032       0x32 ../../BSP/Debug\libBSP.a(keypad.o)
 .debug_pubtypes
                0x00000064       0x32 ../../BSP/Debug\libBSP.a(pbs.o)
 .debug_pubtypes
                0x00000096       0x27 ../../BSP/Debug\libBSP.a(system.o)
 .debug_pubtypes
                0x000000bd       0x3d ../../BSP/Debug\libBSP.a(timers.o)
 .debug_pubtypes
                0x000000fa       0x31 ../../BSP/Debug\libBSP.a(uart.o)

.debug_aranges  0x00000000       0xc0
 .debug_aranges
                0x00000000       0x20 ./lab6.o
 .debug_aranges
                0x00000020       0x20 ../../BSP/Debug\libBSP.a(keypad.o)
 .debug_aranges
                0x00000040       0x20 ../../BSP/Debug\libBSP.a(pbs.o)
 .debug_aranges
                0x00000060       0x20 ../../BSP/Debug\libBSP.a(system.o)
 .debug_aranges
                0x00000080       0x20 ../../BSP/Debug\libBSP.a(timers.o)
 .debug_aranges
                0x000000a0       0x20 ../../BSP/Debug\libBSP.a(uart.o)

.debug_str      0x00000000      0x60f
 .debug_str     0x00000000       0xb4 ./lab6.o
                                 0xd2 (size before relaxing)
 .debug_str     0x000000b4       0xf5 ../../BSP/Debug\libBSP.a(keypad.o)
                                0x187 (size before relaxing)
 .debug_str     0x000001a9       0xac ../../BSP/Debug\libBSP.a(pbs.o)
                                0x157 (size before relaxing)
 .debug_str     0x00000255      0x23d ../../BSP/Debug\libBSP.a(system.o)
                                0x2d8 (size before relaxing)
 .debug_str     0x00000492       0xfe ../../BSP/Debug\libBSP.a(timers.o)
                                0x1a0 (size before relaxing)
 .debug_str     0x00000590       0x7f ../../BSP/Debug\libBSP.a(uart.o)
                                0x125 (size before relaxing)

.comment        0x00000000       0x2a
 .comment       0x00000000       0x2a ./lab6.o
                                 0x2b (size before relaxing)
 .comment       0x00000000       0x2b ../../BSP/Debug\libBSP.a(keypad.o)
 .comment       0x00000000       0x2b ../../BSP/Debug\libBSP.a(pbs.o)
 .comment       0x00000000       0x2b ../../BSP/Debug\libBSP.a(system.o)
 .comment       0x00000000       0x2b ../../BSP/Debug\libBSP.a(timers.o)
 .comment       0x00000000       0x2b ../../BSP/Debug\libBSP.a(uart.o)

.ARM.attributes
                0x00000000       0x32
 .ARM.attributes
                0x00000000       0x32 ./lab6.o
 .ARM.attributes
                0x00000032       0x32 ../../BSP/Debug\libBSP.a(keypad.o)
 .ARM.attributes
                0x00000064       0x32 ../../BSP/Debug\libBSP.a(pbs.o)
 .ARM.attributes
                0x00000096       0x32 ../../BSP/Debug\libBSP.a(system.o)
 .ARM.attributes
                0x000000c8       0x32 ../../BSP/Debug\libBSP.a(timers.o)
 .ARM.attributes
                0x000000fa       0x32 ../../BSP/Debug\libBSP.a(uart.o)
 .ARM.attributes
                0x0000012c       0x1a c:/software/electronica/arm/eclipsearm/sourcery-g++-lite-arm-2011.03/bin/../lib/gcc/arm-none-eabi/4.5.2\libgcc.a(_udivsi3.o)
 .ARM.attributes
                0x00000146       0x18 c:/software/electronica/arm/eclipsearm/sourcery-g++-lite-arm-2011.03/bin/../lib/gcc/arm-none-eabi/4.5.2\libgcc.a(_dvmd_tls.o)
 .ARM.attributes
                0x0000015e       0x1a c:/software/electronica/arm/eclipsearm/sourcery-g++-lite-arm-2011.03/bin/../lib/gcc/arm-none-eabi/4.5.2\libgcc.a(_aeabi_uldivmod.o)
 .ARM.attributes
                0x00000178       0x34 c:/software/electronica/arm/eclipsearm/sourcery-g++-lite-arm-2011.03/bin/../lib/gcc/arm-none-eabi/4.5.2\libgcc.a(bpabi.o)
 .ARM.attributes
                0x000001ac       0x34 c:/software/electronica/arm/eclipsearm/sourcery-g++-lite-arm-2011.03/bin/../lib/gcc/arm-none-eabi/4.5.2\libgcc.a(_divdi3.o)
 .ARM.attributes
                0x000001e0       0x34 c:/software/electronica/arm/eclipsearm/sourcery-g++-lite-arm-2011.03/bin/../lib/gcc/arm-none-eabi/4.5.2\libgcc.a(_udivdi3.o)
 .ARM.attributes
                0x00000214       0x1a c:/software/electronica/arm/eclipsearm/sourcery-g++-lite-arm-2011.03/bin/../lib/gcc/arm-none-eabi/4.5.2\libgcc.a(_clzsi2.o)

.debug_frame    0x00000000      0xde8
 .debug_frame   0x00000000       0x88 ./lab6.o
 .debug_frame   0x00000088      0x190 ../../BSP/Debug\libBSP.a(keypad.o)
 .debug_frame   0x00000218      0x190 ../../BSP/Debug\libBSP.a(pbs.o)
 .debug_frame   0x000003a8      0x630 ../../BSP/Debug\libBSP.a(system.o)
 .debug_frame   0x000009d8      0x1f8 ../../BSP/Debug\libBSP.a(timers.o)
 .debug_frame   0x00000bd0      0x130 ../../BSP/Debug\libBSP.a(uart.o)
 .debug_frame   0x00000d00       0x20 c:/software/electronica/arm/eclipsearm/sourcery-g++-lite-arm-2011.03/bin/../lib/gcc/arm-none-eabi/4.5.2\libgcc.a(_udivsi3.o)
 .debug_frame   0x00000d20       0x50 c:/software/electronica/arm/eclipsearm/sourcery-g++-lite-arm-2011.03/bin/../lib/gcc/arm-none-eabi/4.5.2\libgcc.a(bpabi.o)
 .debug_frame   0x00000d70       0x3c c:/software/electronica/arm/eclipsearm/sourcery-g++-lite-arm-2011.03/bin/../lib/gcc/arm-none-eabi/4.5.2\libgcc.a(_divdi3.o)
 .debug_frame   0x00000dac       0x3c c:/software/electronica/arm/eclipsearm/sourcery-g++-lite-arm-2011.03/bin/../lib/gcc/arm-none-eabi/4.5.2\libgcc.a(_udivdi3.o)
