Archive member included because of file (symbol)

../../BSP/Debug\libBSP.a(rtc.o)
                              ./lab11.o (rtc_init)
../../BSP/Debug\libBSP.a(system.o)
                              ./lab11.o (sys_init)
../../BSP/Debug\libBSP.a(uart.o)
                              ./lab11.o (uart0_init)

Memory Configuration

Name             Origin             Length             Attributes
*default*        0x00000000         0xffffffff

Linker script and memory map

LOAD ./bootloader.o
LOAD ./lab11.o
LOAD ../../BSP/Debug\libBSP.a
START GROUP
LOAD c:/software/electronica/arm/eclipsearm/sourcery-g++-lite-arm-2011.03/bin/../lib/gcc/arm-none-eabi/4.5.2\libgcc.a
LOAD c:/software/electronica/arm/eclipsearm/sourcery-g++-lite-arm-2011.03/bin/../lib/gcc/arm-none-eabi/4.5.2/../../../../arm-none-eabi/lib\libc.a
END GROUP
                0x0c000000                . = 0xc000000
                0x0c000000                _image_start = .

.text           0x0c000000     0x247c
 bootloader.o()
 .text          0x0c000000      0x584 bootloader.o
 .data          0x0c000584        0x0 bootloader.o
 .bss           0x0c000584        0x0 bootloader.o
 .ARM.attributes
                0x0c000584       0x22 bootloader.o
 .debug_line    0x0c0005a6       0xc6 bootloader.o
 .debug_info    0x0c00066c       0x56 bootloader.o
 .debug_abbrev  0x0c0006c2       0x14 bootloader.o
 *fill*         0x0c0006d6        0x2 00
 .debug_aranges
                0x0c0006d8       0x20 bootloader.o
 *(.text)
 .text          0x0c0006f8      0x584 ./bootloader.o
 .text          0x0c000c7c      0x240 ./lab11.o
                0x0c000c7c                main
                0x0c000e00                isr_tick
 .text          0x0c000ebc      0x7c8 ../../BSP/Debug\libBSP.a(rtc.o)
                0x0c000ebc                rtc_init
                0x0c001000                rtc_puttime
                0x0c0012b8                rtc_gettime
                0x0c0015b4                rtc_open
                0x0c001630                rtc_close
 .text          0x0c001684      0x8e0 ../../BSP/Debug\libBSP.a(system.o)
                0x0c001684                sys_init
                0x0c001990                isr_SWI_dummy
                0x0c0019bc                isr_UNDEF_dummy
                0x0c0019e8                isr_IRQ_dummy
                0x0c001a14                isr_FIQ_dummy
                0x0c001a40                isr_PABORT_dummy
                0x0c001a6c                isr_DABORT_dummy
                0x0c001a98                isr_ADC_dummy
                0x0c001ac4                isr_RTC_dummy
                0x0c001af0                isr_UTXD1_dummy
                0x0c001b1c                isr_UTXD0_dummy
                0x0c001b48                isr_SIO_dummy
                0x0c001b74                isr_IIC_dummy
                0x0c001ba0                isr_URXD1_dummy
                0x0c001bcc                isr_URXD0_dummy
                0x0c001bf8                isr_TIMER5_dummy
                0x0c001c24                isr_TIMER4_dummy
                0x0c001c50                isr_TIMER3_dummy
                0x0c001c7c                isr_TIMER2_dummy
                0x0c001ca8                isr_TIMER1_dummy
                0x0c001cd4                isr_TIMER0_dummy
                0x0c001d00                isr_UERR01_dummy
                0x0c001d2c                isr_WDT_dummy
                0x0c001d58                isr_BDMA1_dummy
                0x0c001d84                isr_BDMA0_dummy
                0x0c001db0                isr_ZDMA1_dummy
                0x0c001ddc                isr_ZDMA0_dummy
                0x0c001e08                isr_TICK_dummy
                0x0c001e34                isr_PB_dummy
                0x0c001e60                isr_ETHERNET_dummy
                0x0c001e8c                isr_TS_dummy
                0x0c001eb8                isr_KEYPAD_dummy
                0x0c001ee4                isr_USB_dummy
                0x0c001f34                sleep
 .text          0x0c001f64      0x518 ../../BSP/Debug\libBSP.a(uart.o)
                0x0c001f64                uart0_init
                0x0c001fc8                uart0_putchar
                0x0c002018                uart0_getchar
                0x0c002060                uart0_puts
                0x0c0020b0                uart0_putint
                0x0c002170                uart0_puthex
                0x0c002228                uart0_gets
                0x0c002294                uart0_getint
                0x0c002380                uart0_gethex

.glue_7         0x0c00247c        0x0
 .glue_7        0x00000000        0x0 linker stubs

.glue_7t        0x0c00247c        0x0
 .glue_7t       0x00000000        0x0 linker stubs

.vfp11_veneer   0x0c00247c        0x0
 .vfp11_veneer  0x00000000        0x0 linker stubs

.v4_bx          0x0c00247c        0x0
 .v4_bx         0x00000000        0x0 linker stubs

.rodata         0x0c00247c      0x59c
 *(.rodata)
 .rodata        0x0c00247c       0xbc ./lab11.o
 .rodata        0x0c002538      0x4e0 ../../BSP/Debug\libBSP.a(system.o)

.data           0x0c002a18        0x0
 *(.data)
 .data          0x0c002a18        0x0 ./bootloader.o
 .data          0x0c002a18        0x0 ./lab11.o
 .data          0x0c002a18        0x0 ../../BSP/Debug\libBSP.a(rtc.o)
 .data          0x0c002a18        0x0 ../../BSP/Debug\libBSP.a(system.o)
 .data          0x0c002a18        0x0 ../../BSP/Debug\libBSP.a(uart.o)

.bss            0x0c002a18        0x0
 *(.bss)
 .bss           0x0c002a18        0x0 ./bootloader.o
 .bss           0x0c002a18        0x0 ./lab11.o
 .bss           0x0c002a18        0x0 ../../BSP/Debug\libBSP.a(rtc.o)
 .bss           0x0c002a18        0x0 ../../BSP/Debug\libBSP.a(system.o)
 .bss           0x0c002a18        0x0 ../../BSP/Debug\libBSP.a(uart.o)
                0x0c002a18                _image_end = .
                0x0c002a18                end = .
OUTPUT(lab11.elf elf32-littlearm)

.ARM.attributes
                0x00000000       0x2e
 .ARM.attributes
                0x00000000       0x22 ./bootloader.o
 .ARM.attributes
                0x00000022       0x32 ./lab11.o
 .ARM.attributes
                0x00000054       0x32 ../../BSP/Debug\libBSP.a(rtc.o)
 .ARM.attributes
                0x00000086       0x32 ../../BSP/Debug\libBSP.a(system.o)
 .ARM.attributes
                0x000000b8       0x32 ../../BSP/Debug\libBSP.a(uart.o)

.comment        0x00000000       0x2a
 .comment       0x00000000       0x2a ./lab11.o
                                 0x2b (size before relaxing)
 .comment       0x00000000       0x2b ../../BSP/Debug\libBSP.a(rtc.o)
 .comment       0x00000000       0x2b ../../BSP/Debug\libBSP.a(system.o)
 .comment       0x00000000       0x2b ../../BSP/Debug\libBSP.a(uart.o)

.debug_line     0x00000000      0x548
 .debug_line    0x00000000       0xc6 ./bootloader.o
 .debug_line    0x000000c6       0xc1 ./lab11.o
 .debug_line    0x00000187       0xde ../../BSP/Debug\libBSP.a(rtc.o)
 .debug_line    0x00000265      0x1d0 ../../BSP/Debug\libBSP.a(system.o)
 .debug_line    0x00000435      0x113 ../../BSP/Debug\libBSP.a(uart.o)

.debug_info     0x00000000      0x986
 .debug_info    0x00000000       0x56 ./bootloader.o
 .debug_info    0x00000056      0x13a ./lab11.o
 .debug_info    0x00000190      0x1ac ../../BSP/Debug\libBSP.a(rtc.o)
 .debug_info    0x0000033c      0x38d ../../BSP/Debug\libBSP.a(system.o)
 .debug_info    0x000006c9      0x2bd ../../BSP/Debug\libBSP.a(uart.o)

.debug_abbrev   0x00000000      0x2cf
 .debug_abbrev  0x00000000       0x14 ./bootloader.o
 .debug_abbrev  0x00000014       0x9f ./lab11.o
 .debug_abbrev  0x000000b3       0xbe ../../BSP/Debug\libBSP.a(rtc.o)
 .debug_abbrev  0x00000171       0x89 ../../BSP/Debug\libBSP.a(system.o)
 .debug_abbrev  0x000001fa       0xd5 ../../BSP/Debug\libBSP.a(uart.o)

.debug_aranges  0x00000000       0xa0
 .debug_aranges
                0x00000000       0x20 ./bootloader.o
 .debug_aranges
                0x00000020       0x20 ./lab11.o
 .debug_aranges
                0x00000040       0x20 ../../BSP/Debug\libBSP.a(rtc.o)
 .debug_aranges
                0x00000060       0x20 ../../BSP/Debug\libBSP.a(system.o)
 .debug_aranges
                0x00000080       0x20 ../../BSP/Debug\libBSP.a(uart.o)

.debug_macinfo  0x00000000    0x12c3e
 .debug_macinfo
                0x00000000     0x49c3 ./lab11.o
 .debug_macinfo
                0x000049c3     0x4c64 ../../BSP/Debug\libBSP.a(rtc.o)
 .debug_macinfo
                0x00009627     0x530a ../../BSP/Debug\libBSP.a(system.o)
 .debug_macinfo
                0x0000e931     0x430d ../../BSP/Debug\libBSP.a(uart.o)

.debug_loc      0x00000000      0x91c
 .debug_loc     0x00000000       0x58 ./lab11.o
 .debug_loc     0x00000058       0xdc ../../BSP/Debug\libBSP.a(rtc.o)
 .debug_loc     0x00000134      0x65c ../../BSP/Debug\libBSP.a(system.o)
 .debug_loc     0x00000790      0x18c ../../BSP/Debug\libBSP.a(uart.o)

.debug_pubnames
                0x00000000      0x3c6
 .debug_pubnames
                0x00000000       0x28 ./lab11.o
 .debug_pubnames
                0x00000028       0x5a ../../BSP/Debug\libBSP.a(rtc.o)
 .debug_pubnames
                0x00000082      0x29d ../../BSP/Debug\libBSP.a(system.o)
 .debug_pubnames
                0x0000031f       0xa7 ../../BSP/Debug\libBSP.a(uart.o)

.debug_pubtypes
                0x00000000       0xc4
 .debug_pubtypes
                0x00000000       0x36 ./lab11.o
 .debug_pubtypes
                0x00000036       0x36 ../../BSP/Debug\libBSP.a(rtc.o)
 .debug_pubtypes
                0x0000006c       0x27 ../../BSP/Debug\libBSP.a(system.o)
 .debug_pubtypes
                0x00000093       0x31 ../../BSP/Debug\libBSP.a(uart.o)

.debug_str      0x00000000      0x3e6
 .debug_str     0x00000000       0xc5 ./lab11.o
                                 0xde (size before relaxing)
 .debug_str     0x000000c5       0x65 ../../BSP/Debug\libBSP.a(rtc.o)
                                0x10f (size before relaxing)
 .debug_str     0x0000012a      0x23d ../../BSP/Debug\libBSP.a(system.o)
                                0x2d8 (size before relaxing)
 .debug_str     0x00000367       0x7f ../../BSP/Debug\libBSP.a(uart.o)
                                0x125 (size before relaxing)

.debug_frame    0x00000000      0x86c
 .debug_frame   0x00000000       0x5c ./lab11.o
 .debug_frame   0x0000005c       0xb0 ../../BSP/Debug\libBSP.a(rtc.o)
 .debug_frame   0x0000010c      0x630 ../../BSP/Debug\libBSP.a(system.o)
 .debug_frame   0x0000073c      0x130 ../../BSP/Debug\libBSP.a(uart.o)
